0000 DATA1 SEGMENT
0000 13    BINCON1    		DB 			10011B
0001 1D    BINCON2 		DB	  		11101B
0002 54 65 73 74 20 73 74     STRCONST		DB 			"Test string или кирилица."
     72 69 6E 67 20 D0 B8 
     D0 BB D0 B8 20 D0 BA 
     D0 B8 D1 80 D0 B8 D0 
     BB D0 B8 D1 86 D0 B0 
     2E
0026 11D7    DECCONST		DW 			4567D
0028 FD567800    HEXCONST		DD 			7856FDH
002C DATA1 ENDS
= 0001 DFG  EQU 1
= 0000 DFG1 EQU 0
0000 CODE SEGMENT
0000 90	NOP
0001 B4 00	MOV AH, 0
0003 FE C4	INC AH
0005 B8 00000001	MOV EAX, DFG
000A 40	INC EAX
000B 26: FE 4C32 06	DEC BYTE PTR ES:[EDX+ESI+6]
0010 LABEL1:
0010 03 C6	ADD EAX, ESI
0012 01 6C06 02	ADD [ESI+EAX+2], EBP
0016 26: 01 6C06 02	ADD ES:[ESI+EAX+2], EBP
001B 2E: 01 4C09 04	ADD CS:[ECX+ECX+4], ECX
 	ELSE
0020 81 4C32 06 00000123		OR DWORD PTR [EDX+ESI+6], 123H
 	ENDIF
0028 3B 4432 0C	CMP EAX, [EDX+ESI+12]
002C 72 E2	JB LABEL1
002E 0F 82 00000034 R	JB LABEL2
0034 LABEL2:
 	IF DFG
0034 21 4432 06		AND DWORD PTR [EDX+ESI+6], EAX
 	ENDIF 
0038 CODE ENDS
 	END


    NAME      SIZE    LENGTH     ALIGN         COMB. CLASS

    CODE    32 BIT      0038      PARA                NONE

   DATA1    32 BIT      002C      PARA                NONE



    NAME           TYPE          VALUE           ATTR

 BINCON1         L BYTE           0000          DATA1

 BINCON2         L BYTE           0001          DATA1

STRCONST         L BYTE           0002          DATA1

DECCONST        L DWORD           0026          DATA1

HEXCONST         L WORD           0028          DATA1

     DFG         NUMBER           0001               

    DFG1         NUMBER           0000               

  LABEL1         L NEAR           0010           CODE

  LABEL2         L NEAR           0034           CODE

